<?xml version="1.0" encoding="UTF-8"?>
<TestRun id="42caa062-6976-4ddb-97f1-90b35e1b7ca0" name="Hrasko@DELLOREAN 2013-10-04 16:43:34" runUser="DELLOREAN\Hrasko" xmlns="http://microsoft.com/schemas/VisualStudio/TeamTest/2010">
  <TestSettings name="Local" id="944d5b6d-9a3b-436d-8809-3ea2e9a748e2">
    <Description>These are default test settings for a local test run.</Description>
    <Deployment enabled="false" runDeploymentRoot="Hrasko_DELLOREAN 2013-10-04 16_43_34">
      <DeploymentItem filename="C:\Users\Hrasko\git\aulas\Arena\Arena\Arena\bin\Debug\Arena.exe" />
    </Deployment>
    <Execution>
      <TestTypeSpecific />
      <AgentRule name="Execution Agents">
      </AgentRule>
    </Execution>
  </TestSettings>
  <Times creation="2013-10-04T16:43:34.0104774-03:00" queuing="2013-10-04T16:43:34.1844874-03:00" start="2013-10-04T16:43:34.2154892-03:00" finish="2013-10-04T16:43:35.0645377-03:00" />
  <ResultSummary outcome="Failed">
    <Counters total="2" executed="2" passed="1" error="0" failed="1" timeout="0" aborted="0" inconclusive="0" passedButRunAborted="0" notRunnable="0" notExecuted="0" disconnected="0" warning="0" completed="0" inProgress="0" pending="0" />
  </ResultSummary>
  <TestDefinitions>
    <UnitTest name="GetSwing" storage="c:\users\hrasko\git\aulas\arena\arena\arenatest\bin\debug\arenatest.dll" id="a5566bfa-4871-e330-3f88-ed82b6451ef9">
      <Execution id="2d2adb86-7508-49db-9379-04e3a68cc37b" />
      <TestMethod codeBase="C:/Users/Hrasko/git/aulas/Arena/Arena/ArenaTest/bin/Debug/ArenaTest.DLL" adapterTypeName="Microsoft.VisualStudio.TestTools.TestTypes.Unit.UnitTestAdapter, Microsoft.VisualStudio.QualityTools.Tips.UnitTest.Adapter, Version=10.0.0.0, Culture=neutral, PublicKeyToken=b03f5f7f11d50a3a" className="ArenaTest.DanoTest, ArenaTest, Version=1.0.0.0, Culture=neutral, PublicKeyToken=null" name="GetSwing" />
    </UnitTest>
    <UnitTest name="GetThrust" storage="c:\users\hrasko\git\aulas\arena\arena\arenatest\bin\debug\arenatest.dll" id="b11625be-f7ed-cf6f-18f6-5101925d3249">
      <Execution id="a421af0b-16fd-43b0-abd5-05ae46d05097" />
      <TestMethod codeBase="C:/Users/Hrasko/git/aulas/Arena/Arena/ArenaTest/bin/Debug/ArenaTest.DLL" adapterTypeName="Microsoft.VisualStudio.TestTools.TestTypes.Unit.UnitTestAdapter, Microsoft.VisualStudio.QualityTools.Tips.UnitTest.Adapter, Version=10.0.0.0, Culture=neutral, PublicKeyToken=b03f5f7f11d50a3a" className="ArenaTest.DanoTest, ArenaTest, Version=1.0.0.0, Culture=neutral, PublicKeyToken=null" name="GetThrust" />
    </UnitTest>
  </TestDefinitions>
  <TestLists>
    <TestList name="Results Not in a List" id="8c84fa94-04c1-424b-9868-57a2d4851a1d" />
    <TestList name="All Loaded Results" id="19431567-8539-422a-85d7-44ee4e166bda" />
  </TestLists>
  <TestEntries>
    <TestEntry testId="a5566bfa-4871-e330-3f88-ed82b6451ef9" executionId="2d2adb86-7508-49db-9379-04e3a68cc37b" testListId="8c84fa94-04c1-424b-9868-57a2d4851a1d" />
    <TestEntry testId="b11625be-f7ed-cf6f-18f6-5101925d3249" executionId="a421af0b-16fd-43b0-abd5-05ae46d05097" testListId="8c84fa94-04c1-424b-9868-57a2d4851a1d" />
  </TestEntries>
  <Results>
    <UnitTestResult executionId="2d2adb86-7508-49db-9379-04e3a68cc37b" testId="a5566bfa-4871-e330-3f88-ed82b6451ef9" testName="GetSwing" computerName="DELLOREAN" duration="00:00:00.4737594" startTime="2013-10-04T16:43:34.2234896-03:00" endTime="2013-10-04T16:43:34.9785328-03:00" testType="13cdc9d9-ddb5-4fa4-a97d-d965ccfc6d4b" outcome="Passed" testListId="8c84fa94-04c1-424b-9868-57a2d4851a1d" relativeResultsDirectory="2d2adb86-7508-49db-9379-04e3a68cc37b">
    </UnitTestResult>
    <UnitTestResult executionId="a421af0b-16fd-43b0-abd5-05ae46d05097" testId="b11625be-f7ed-cf6f-18f6-5101925d3249" testName="GetThrust" computerName="DELLOREAN" duration="00:00:00.0278442" startTime="2013-10-04T16:43:34.9795329-03:00" endTime="2013-10-04T16:43:35.0105346-03:00" testType="13cdc9d9-ddb5-4fa4-a97d-d965ccfc6d4b" outcome="Failed" testListId="8c84fa94-04c1-424b-9868-57a2d4851a1d" relativeResultsDirectory="a421af0b-16fd-43b0-abd5-05ae46d05097">
      <Output>
        <ErrorInfo>
          <Message>Assert.AreEqual failed. Expected:&lt;1&gt;. Actual:&lt;0&gt;. </Message>
          <StackTrace>   em ArenaTest.DanoTest.GetThrust() na C:\Users\Hrasko\git\aulas\Arena\Arena\ArenaTest\DanoTest.cs:linha 96
</StackTrace>
        </ErrorInfo>
      </Output>
    </UnitTestResult>
  </Results>
</TestRun>