<?xml version="1.0" encoding="UTF-8"?>
<TestRun id="055746c7-3fc9-4f80-9390-32c79e3d4a86" name="Hrasko@DELLOREAN 2013-10-04 16:44:05" runUser="DELLOREAN\Hrasko" xmlns="http://microsoft.com/schemas/VisualStudio/TeamTest/2010">
  <TestSettings name="Local" id="944d5b6d-9a3b-436d-8809-3ea2e9a748e2">
    <Description>These are default test settings for a local test run.</Description>
    <Deployment enabled="false" runDeploymentRoot="Hrasko_DELLOREAN 2013-10-04 16_44_05">
      <DeploymentItem filename="C:\Users\Hrasko\git\aulas\Arena\Arena\Arena\bin\Debug\Arena.exe" />
    </Deployment>
    <Execution>
      <TestTypeSpecific />
      <AgentRule name="Execution Agents">
      </AgentRule>
    </Execution>
  </TestSettings>
  <Times creation="2013-10-04T16:44:05.0312517-03:00" queuing="2013-10-04T16:44:05.1992613-03:00" start="2013-10-04T16:44:05.2302631-03:00" finish="2013-10-04T16:44:05.6472870-03:00" />
  <ResultSummary outcome="Failed">
    <Counters total="1" executed="1" error="0" failed="1" timeout="0" aborted="0" inconclusive="0" passedButRunAborted="0" notRunnable="0" notExecuted="0" disconnected="0" warning="0" passed="0" completed="0" inProgress="0" pending="0" />
  </ResultSummary>
  <TestDefinitions>
    <UnitTest name="GetThrust" storage="c:\users\hrasko\git\aulas\arena\arena\arenatest\bin\debug\arenatest.dll" id="b11625be-f7ed-cf6f-18f6-5101925d3249">
      <Execution id="67b38533-07d8-4684-8aa1-a0d492bd1960" />
      <TestMethod codeBase="C:/Users/Hrasko/git/aulas/Arena/Arena/ArenaTest/bin/Debug/ArenaTest.DLL" adapterTypeName="Microsoft.VisualStudio.TestTools.TestTypes.Unit.UnitTestAdapter, Microsoft.VisualStudio.QualityTools.Tips.UnitTest.Adapter, Version=10.0.0.0, Culture=neutral, PublicKeyToken=b03f5f7f11d50a3a" className="ArenaTest.DanoTest, ArenaTest, Version=1.0.0.0, Culture=neutral, PublicKeyToken=null" name="GetThrust" />
    </UnitTest>
  </TestDefinitions>
  <TestLists>
    <TestList name="Results Not in a List" id="8c84fa94-04c1-424b-9868-57a2d4851a1d" />
    <TestList name="All Loaded Results" id="19431567-8539-422a-85d7-44ee4e166bda" />
  </TestLists>
  <TestEntries>
    <TestEntry testId="b11625be-f7ed-cf6f-18f6-5101925d3249" executionId="67b38533-07d8-4684-8aa1-a0d492bd1960" testListId="8c84fa94-04c1-424b-9868-57a2d4851a1d" />
  </TestEntries>
  <Results>
    <UnitTestResult executionId="67b38533-07d8-4684-8aa1-a0d492bd1960" testId="b11625be-f7ed-cf6f-18f6-5101925d3249" testName="GetThrust" computerName="DELLOREAN" duration="00:00:00.0675944" startTime="2013-10-04T16:44:05.2372635-03:00" endTime="2013-10-04T16:44:05.5822832-03:00" testType="13cdc9d9-ddb5-4fa4-a97d-d965ccfc6d4b" outcome="Failed" testListId="8c84fa94-04c1-424b-9868-57a2d4851a1d" relativeResultsDirectory="67b38533-07d8-4684-8aa1-a0d492bd1960">
      <Output>
        <ErrorInfo>
          <Message>Assert.AreEqual failed. Expected:&lt;2&gt;. Actual:&lt;1&gt;. </Message>
          <StackTrace>   em ArenaTest.DanoTest.GetThrust() na C:\Users\Hrasko\git\aulas\Arena\Arena\ArenaTest\DanoTest.cs:linha 156
</StackTrace>
        </ErrorInfo>
      </Output>
    </UnitTestResult>
  </Results>
</TestRun>